warning: goap-llm v0.1.0 (D:\git\goap-driven-llm-rust) ignoring invalid dependency `cargo-watch` which is missing a lib target
   Compiling goap-llm v0.1.0 (D:\git\goap-driven-llm-rust)
warning: unused imports: `Deserialize` and `Serialize`
 --> src\goap\world\state.rs:6:13
  |
6 | use serde::{Deserialize, Serialize};
  |             ^^^^^^^^^^^  ^^^^^^^^^
  |
  = note: `#[warn(unused_imports)]` (part of `#[warn(unused)]`) on by default

warning: unused imports: `Duration` and `Instant`
 --> src\goap\actions\executor.rs:7:17
  |
7 | use std::time::{Duration, Instant};
  |                 ^^^^^^^^  ^^^^^^^

warning: unused imports: `BinaryHeap` and `HashMap`
 --> src\goap\planning\planner.rs:9:24
  |
9 | use std::collections::{BinaryHeap, HashMap};
  |                        ^^^^^^^^^^  ^^^^^^^

warning: unused import: `Hash`
 --> src\goap\planning\graph.rs:9:17
  |
9 | use std::hash::{Hash, Hasher};
  |                 ^^^^

warning: unused import: `std::cmp::Eq`
  --> src\goap\planning\graph.rs:10:5
   |
10 | use std::cmp::Eq;
   |     ^^^^^^^^^^^^

warning: unused import: `Instant`
 --> src\goap\goals\goal.rs:7:27
  |
7 | use std::time::{Duration, Instant};
  |                           ^^^^^^^

warning: unused import: `Goal`
 --> src\goap\goals\orchestrator.rs:5:37
  |
5 | use crate::goap::goals::{GoalState, Goal};
  |                                     ^^^^

warning: unused import: `WorldProperty`
 --> src\goap\goals\orchestrator.rs:6:38
  |
6 | use crate::goap::world::{WorldState, WorldProperty};
  |                                      ^^^^^^^^^^^^^

warning: unused imports: `Deserialize` and `Serialize`
 --> src\goap\goals\orchestrator.rs:7:13
  |
7 | use serde::{Deserialize, Serialize};
  |             ^^^^^^^^^^^  ^^^^^^^^^

warning: unused imports: `Deserialize` and `Serialize`
 --> src\goap\goals\reactive.rs:7:13
  |
7 | use serde::{Deserialize, Serialize};
  |             ^^^^^^^^^^^  ^^^^^^^^^

warning: unused imports: `Deserialize` and `Serialize`
 --> src\goap\cache\schema.rs:6:13
  |
6 | use serde::{Deserialize, Serialize};
  |             ^^^^^^^^^^^  ^^^^^^^^^

warning: unused imports: `Hash` and `Hasher`
 --> src\goap\cache\schema.rs:7:17
  |
7 | use std::hash::{Hash, Hasher};
  |                 ^^^^  ^^^^^^

warning: unused import: `SimilarityAlgorithm`
 --> src\goap\cache\intelligent.rs:5:70
  |
5 | use crate::goap::cache::pattern::{SuccessPattern, PatternSimilarity, SimilarityAlgorithm};
  |                                                                      ^^^^^^^^^^^^^^^^^^^

warning: unused import: `crate::goap::actions::ActionType`
 --> src\goap\cache\intelligent.rs:7:5
  |
7 | use crate::goap::actions::ActionType;
  |     ^^^^^^^^^^^^^^^^^^^^^^^^^^^^^^^^

warning: unused imports: `Deserialize` and `Serialize`
 --> src\goap\cache\intelligent.rs:9:13
  |
9 | use serde::{Deserialize, Serialize};
  |             ^^^^^^^^^^^  ^^^^^^^^^

warning: unused import: `std::collections::HashMap`
  --> src\goap\cache\intelligent.rs:10:5
   |
10 | use std::collections::HashMap;
   |     ^^^^^^^^^^^^^^^^^^^^^^^^^

warning: unused import: `uuid::Uuid`
  --> src\goap\cache\intelligent.rs:12:5
   |
12 | use uuid::Uuid;
   |     ^^^^^^^^^^

warning: unused imports: `Duration` and `Instant`
 --> src\goap\metrics\goap_metrics.rs:8:17
  |
8 | use std::time::{Duration, Instant};
  |                 ^^^^^^^^  ^^^^^^^

warning: unused import: `Goal`
 --> src\goap\system.rs:6:37
  |
6 | use crate::goap::goals::{GoalState, Goal};
  |                                     ^^^^

warning: unused imports: `ExecutionResult` and `ExecutionStep`
 --> src\goap\system.rs:7:42
  |
7 | use crate::goap::actions::{PlanExecutor, ExecutionResult, ExecutionStep};
  |                                          ^^^^^^^^^^^^^^^  ^^^^^^^^^^^^^

warning: unused imports: `Deserialize` and `Serialize`
  --> src\goap\system.rs:14:13
   |
14 | use serde::{Deserialize, Serialize};
   |             ^^^^^^^^^^^  ^^^^^^^^^

warning: unused import: `std::sync::Arc`
  --> src\goap\system.rs:15:5
   |
15 | use std::sync::Arc;
   |     ^^^^^^^^^^^^^^

warning: unused imports: `error` and `warn`
  --> src\goap\system.rs:17:21
   |
17 | use tracing::{info, warn, error};
   |                     ^^^^  ^^^^^

warning: unused import: `Hasher`
 --> src\goap\planning\graph.rs:9:23
  |
9 | use std::hash::{Hash, Hasher};
  |                       ^^^^^^

warning: unused variable: `property`
  --> src\goap\world\state.rs:56:35
   |
56 |     pub fn remove_property(&self, property: &WorldProperty) -> bool {
   |                                   ^^^^^^^^ help: if this is intentional, prefix it with an underscore: `_property`
   |
   = note: `#[warn(unused_variables)]` (part of `#[warn(unused)]`) on by default

warning: unused variable: `world_state`
   --> src\goap\goals\reactive.rs:102:9
    |
102 |         world_state: &WorldState,
    |         ^^^^^^^^^^^ help: if this is intentional, prefix it with an underscore: `_world_state`

warning: unused variable: `pattern_cache_size`
  --> src\goap\cache\intelligent.rs:32:16
   |
32 |     pub fn new(pattern_cache_size: usize, schema_cache_size: usize) -> Self {
   |                ^^^^^^^^^^^^^^^^^^ help: if this is intentional, prefix it with an underscore: `_pattern_cache_size`

warning: struct `PlanNode` is never constructed
  --> src\goap\planning\planner.rs:14:8
   |
14 | struct PlanNode {
   |        ^^^^^^^^
   |
   = note: `#[warn(dead_code)]` (part of `#[warn(unused)]`) on by default

warning: associated function `new` is never used
  --> src\goap\planning\planner.rs:33:8
   |
31 | impl PlanNode {
   | ------------- associated function in this implementation
32 |     /// Create a new plan node
33 |     fn new(world_state: WorldState, path: Vec<ActionType>, cost: u32, heuristic: u32) -> Self {
   |        ^^^

warning: field `created_at` is never read
  --> src\goap\goals\reactive.rs:23:5
   |
12 | pub struct ReactivePlanner {
   |            --------------- field in this struct
...
23 |     created_at: Instant,
   |     ^^^^^^^^^^
   |
   = note: `ReactivePlanner` has derived impls for the traits `Clone` and `Debug`, but these are intentionally ignored during dead code analysis

warning: fields `timestamp`, `reason`, `tokens_remaining`, and `step` are never read
  --> src\goap\goals\reactive.rs:39:5
   |
37 | pub struct ReplanEvent {
   |            ----------- fields in this struct
38 |     /// Timestamp
39 |     timestamp: Instant,
   |     ^^^^^^^^^
...
42 |     reason: String,
   |     ^^^^^^
...
45 |     tokens_remaining: u32,
   |     ^^^^^^^^^^^^^^^^
...
48 |     step: u32,
   |     ^^^^
   |
   = note: `ReplanEvent` has derived impls for the traits `Clone` and `Debug`, but these are intentionally ignored during dead code analysis

warning: variable does not need to be mutable
   --> src\goap\goals\reactive.rs:216:13
    |
216 |         let mut world_state = WorldState::new(1000, "test".to_string());
    |             ----^^^^^^^^^^^
    |             |
    |             help: remove this `mut`
    |
    = note: `#[warn(unused_mut)]` (part of `#[warn(unused)]`) on by default

warning: variable does not need to be mutable
   --> src\goap\goals\reactive.rs:247:13
    |
247 |         let mut world_state = WorldState::new(100, "test".to_string());
    |             ----^^^^^^^^^^^
    |             |
    |             help: remove this `mut`

warning: unused variable: `i`
   --> src\goap\cache\pattern.rs:218:13
    |
218 |         for i in 1..=10 {
    |             ^ help: if this is intentional, prefix it with an underscore: `_i`

warning: comparison is useless due to type limits
   --> src\goap\planning\heuristic.rs:145:17
    |
145 |         assert!(estimate >= 0);
    |                 ^^^^^^^^^^^^^
    |
    = note: `#[warn(unused_comparisons)]` on by default

warning: comparison is useless due to type limits
   --> src\goap\system.rs:366:17
    |
366 |         assert!(system.created_at.elapsed().as_millis() >= 0);
    |                 ^^^^^^^^^^^^^^^^^^^^^^^^^^^^^^^^^^^^^^^^^^^^

warning: comparison is useless due to type limits
  --> src\lib.rs:76:17
   |
76 |         assert!(system.elapsed().as_millis() >= 0);
   |                 ^^^^^^^^^^^^^^^^^^^^^^^^^^^^^^^^^

warning: `goap-llm` (lib) generated 31 warnings (run `cargo fix --lib -p goap-llm` to apply 23 suggestions)
warning: unused variable: `response`
  --> examples\token_optimization.rs:29:16
   |
29 |             Ok(response) => {
   |                ^^^^^^^^ help: if this is intentional, prefix it with an underscore: `_response`
   |
   = note: `#[warn(unused_variables)]` (part of `#[warn(unused)]`) on by default

error[E0369]: binary operation `==` cannot be applied to type `OutputFormat`
  --> examples\cli_wrapper.rs:42:29
   |
42 |     if config.output_format == OutputFormat::Json {
   |        -------------------- ^^ ------------------ OutputFormat
   |        |
   |        OutputFormat
   |
note: an implementation of `PartialEq` might be missing for `OutputFormat`
  --> examples\cli_wrapper.rs:69:1
   |
69 | enum OutputFormat {
   | ^^^^^^^^^^^^^^^^^ must implement `PartialEq`
help: consider annotating `OutputFormat` with `#[derive(PartialEq)]`
   |
69 + #[derive(PartialEq)]
70 | enum OutputFormat {
   |

error[E0599]: no method named `get_metrics` found for struct `goap_llm::GOAPSystem` in the current scope
  --> examples\metrics_collection.rs:13:34
   |
13 |     let initial_metrics = system.get_metrics();
   |                                  ^^^^^^^^^^^
   |
help: there is a method `metrics` with a similar name
   |
13 -     let initial_metrics = system.get_metrics();
13 +     let initial_metrics = system.metrics();
   |

warning: function `system` is never used
  --> examples\reactive_replanning.rs:71:4
   |
71 | fn system() -> GOAPSystem {
   |    ^^^^^^
   |
   = note: `#[warn(dead_code)]` (part of `#[warn(unused)]`) on by default

error[E0599]: no method named `get_metrics` found for struct `goap_llm::GOAPSystem` in the current scope
  --> examples\metrics_collection.rs:75:32
   |
75 |     let final_metrics = system.get_metrics();
   |                                ^^^^^^^^^^^
   |
help: there is a method `metrics` with a similar name
   |
75 -     let final_metrics = system.get_metrics();
75 +     let final_metrics = system.metrics();
   |

error[E0277]: `?` couldn't convert the error to `goap_llm::Error`
  --> examples\cli_wrapper.rs:88:62
   |
74 | fn parse_cli_args(args: &[String]) -> goap_llm::Result<CLIConfig> {
   |                                       --------------------------- expected `goap_llm::Error` because of this
...
88 |                     config.token_budget = args[i + 1].parse()?;
   |                                                       -------^ the trait `From<ParseIntError>` is not implemented for `goap_llm::Error`
   |                                                       |
   |                                                       this can't be annotated with `?` because it has type `Result<_, ParseIntError>`
   |
   = note: the question mark operation (`?`) implicitly performs a conversion on the error value using the `From` trait
   = help: the following other types implement trait `From<T>`:
             `goap_llm::Error` implements `From<goap_llm::error::CacheError>`
             `goap_llm::Error` implements `From<goap_llm::error::ExecutionError>`
             `goap_llm::Error` implements `From<goap_llm::error::PlanningError>`
             `goap_llm::Error` implements `From<goap_llm::error::ValidationError>`
             `goap_llm::Error` implements `From<std::io::Error>`

error[E0277]: the trait bound `goap_llm::Error: From<&str>` is not satisfied
  --> examples\cli_wrapper.rs:91:55
   |
91 |                     return Err("Missing budget value".into());
   |                                                       ^^^^ the trait `From<&str>` is not implemented for `goap_llm::Error`
   |
   = help: the following other types implement trait `From<T>`:
             `goap_llm::Error` implements `From<goap_llm::error::CacheError>`
             `goap_llm::Error` implements `From<goap_llm::error::ExecutionError>`
             `goap_llm::Error` implements `From<goap_llm::error::PlanningError>`
             `goap_llm::Error` implements `From<goap_llm::error::ValidationError>`
             `goap_llm::Error` implements `From<std::io::Error>`
   = note: required for `&str` to implement `Into<goap_llm::Error>`

error[E0277]: the trait bound `goap_llm::Error: From<&str>` is not satisfied
   --> examples\cli_wrapper.rs:100:70
    |
100 |                         _ => return Err("Invalid optimization level".into()),
    |                                                                      ^^^^ the trait `From<&str>` is not implemented for `goap_llm::Error`
    |
    = help: the following other types implement trait `From<T>`:
              `goap_llm::Error` implements `From<goap_llm::error::CacheError>`
              `goap_llm::Error` implements `From<goap_llm::error::ExecutionError>`
              `goap_llm::Error` implements `From<goap_llm::error::PlanningError>`
              `goap_llm::Error` implements `From<goap_llm::error::ValidationError>`
              `goap_llm::Error` implements `From<std::io::Error>`
    = note: required for `&str` to implement `Into<goap_llm::Error>`

error[E0277]: the trait bound `goap_llm::Error: From<&str>` is not satisfied
   --> examples\cli_wrapper.rs:104:61
    |
104 |                     return Err("Missing optimization level".into());
    |                                                             ^^^^ the trait `From<&str>` is not implemented for `goap_llm::Error`
    |
    = help: the following other types implement trait `From<T>`:
              `goap_llm::Error` implements `From<goap_llm::error::CacheError>`
              `goap_llm::Error` implements `From<goap_llm::error::ExecutionError>`
              `goap_llm::Error` implements `From<goap_llm::error::PlanningError>`
              `goap_llm::Error` implements `From<goap_llm::error::ValidationError>`
              `goap_llm::Error` implements `From<std::io::Error>`
    = note: required for `&str` to implement `Into<goap_llm::Error>`

For more information about this error, try `rustc --explain E0599`.
error[E0277]: the trait bound `goap_llm::Error: From<&str>` is not satisfied
   --> examples\cli_wrapper.rs:112:58
    |
112 |                         _ => return Err("Invalid format".into()),
    |                                                          ^^^^ the trait `From<&str>` is not implemented for `goap_llm::Error`
    |
    = help: the following other types implement trait `From<T>`:
              `goap_llm::Error` implements `From<goap_llm::error::CacheError>`
              `goap_llm::Error` implements `From<goap_llm::error::ExecutionError>`
              `goap_llm::Error` implements `From<goap_llm::error::PlanningError>`
              `goap_llm::Error` implements `From<goap_llm::error::ValidationError>`
              `goap_llm::Error` implements `From<std::io::Error>`
    = note: required for `&str` to implement `Into<goap_llm::Error>`

error[E0277]: the trait bound `goap_llm::Error: From<&str>` is not satisfied
   --> examples\cli_wrapper.rs:116:55
    |
116 |                     return Err("Missing format value".into());
    |                                                       ^^^^ the trait `From<&str>` is not implemented for `goap_llm::Error`
    |
    = help: the following other types implement trait `From<T>`:
              `goap_llm::Error` implements `From<goap_llm::error::CacheError>`
              `goap_llm::Error` implements `From<goap_llm::error::ExecutionError>`
              `goap_llm::Error` implements `From<goap_llm::error::PlanningError>`
              `goap_llm::Error` implements `From<goap_llm::error::ValidationError>`
              `goap_llm::Error` implements `From<std::io::Error>`
    = note: required for `&str` to implement `Into<goap_llm::Error>`

error[E0277]: the trait bound `goap_llm::Error: From<&str>` is not satisfied
   --> examples\cli_wrapper.rs:124:53
    |
124 |                     return Err("Missing input file".into());
    |                                                     ^^^^ the trait `From<&str>` is not implemented for `goap_llm::Error`
    |
    = help: the following other types implement trait `From<T>`:
              `goap_llm::Error` implements `From<goap_llm::error::CacheError>`
              `goap_llm::Error` implements `From<goap_llm::error::ExecutionError>`
              `goap_llm::Error` implements `From<goap_llm::error::PlanningError>`
              `goap_llm::Error` implements `From<goap_llm::error::ValidationError>`
              `goap_llm::Error` implements `From<std::io::Error>`
    = note: required for `&str` to implement `Into<goap_llm::Error>`

error[E0277]: the trait bound `goap_llm::Error: From<std::string::String>` is not satisfied
   --> examples\cli_wrapper.rs:137:32
    |
137 |                     return Err(format!("Unknown option: {}", args[i]).into());
    |                                ^^^^^^^^^^^^^^^^^^^^^^^^^^^^^^^^^^^^^^ ---- required by a bound introduced by this call
    |                                |
    |                                the trait `From<std::string::String>` is not implemented for `goap_llm::Error`
    |
    = help: the following other types implement trait `From<T>`:
              `goap_llm::Error` implements `From<goap_llm::error::CacheError>`
              `goap_llm::Error` implements `From<goap_llm::error::ExecutionError>`
              `goap_llm::Error` implements `From<goap_llm::error::PlanningError>`
              `goap_llm::Error` implements `From<goap_llm::error::ValidationError>`
              `goap_llm::Error` implements `From<std::io::Error>`
    = note: required for `std::string::String` to implement `Into<goap_llm::Error>`

error[E0277]: `?` couldn't convert the error to `goap_llm::Error`
   --> examples\cli_wrapper.rs:171:57
    |
159 | ) -> goap_llm::Result<()> {
    |      -------------------- expected `goap_llm::Error` because of this
...
171 |     println!("{}", serde_json::to_string_pretty(&output)?);
    |                    -------------------------------------^ the trait `From<serde_json::Error>` is not implemented for `goap_llm::Error`
    |                    |
    |                    this can't be annotated with `?` because it has type `Result<_, serde_json::Error>`
    |
    = note: the question mark operation (`?`) implicitly performs a conversion on the error value using the `From` trait
    = help: the following other types implement trait `From<T>`:
              `goap_llm::Error` implements `From<goap_llm::error::CacheError>`
              `goap_llm::Error` implements `From<goap_llm::error::ExecutionError>`
              `goap_llm::Error` implements `From<goap_llm::error::PlanningError>`
              `goap_llm::Error` implements `From<goap_llm::error::ValidationError>`
              `goap_llm::Error` implements `From<std::io::Error>`

warning: unused variable: `config`
   --> examples\cli_wrapper.rs:147:30
    |
147 | fn build_actions_from_config(config: &CLIConfig) -> goap_llm::Result<Vec<Action>> {
    |                              ^^^^^^ help: if this is intentional, prefix it with an underscore: `_config`
    |
    = note: `#[warn(unused_variables)]` (part of `#[warn(unused)]`) on by default

warning: unused variable: `config`
   --> examples\cli_wrapper.rs:177:5
    |
177 |     config: &CLIConfig,
    |     ^^^^^^ help: if this is intentional, prefix it with an underscore: `_config`

error: could not compile `goap-llm` (example "metrics_collection") due to 2 previous errors
warning: build failed, waiting for other jobs to finish...
Some errors have detailed explanations: E0277, E0369.
For more information about an error, try `rustc --explain E0277`.
warning: `goap-llm` (example "cli_wrapper") generated 2 warnings
error: could not compile `goap-llm` (example "cli_wrapper") due to 10 previous errors; 2 warnings emitted
warning: `goap-llm` (lib test) generated 34 warnings (28 duplicates) (run `cargo fix --lib -p goap-llm --tests` to apply 2 suggestions)
warning: `goap-llm` (example "reactive_replanning") generated 1 warning
warning: `goap-llm` (example "token_optimization") generated 1 warning
error: cannot find derive macro `Serialize` in this scope
 --> examples\custom_actions.rs:8:45
  |
8 | #[derive(Debug, Clone, PartialEq, Eq, Hash, Serialize, Deserialize)]
  |                                             ^^^^^^^^^
  |
help: consider importing this derive macro
  |
5 + use serde::Serialize;
  |

error: cannot find derive macro `Deserialize` in this scope
 --> examples\custom_actions.rs:8:56
  |
8 | #[derive(Debug, Clone, PartialEq, Eq, Hash, Serialize, Deserialize)]
  |                                                        ^^^^^^^^^^^
  |
help: consider importing this derive macro
  |
5 + use serde::Deserialize;
  |

error: cannot find derive macro `Serialize` in this scope
  --> examples\custom_actions.rs:31:24
   |
31 | #[derive(Debug, Clone, Serialize, Deserialize)]
   |                        ^^^^^^^^^
   |
help: consider importing this derive macro
   |
 5 + use serde::Serialize;
   |

error: cannot find derive macro `Deserialize` in this scope
  --> examples\custom_actions.rs:31:35
   |
31 | #[derive(Debug, Clone, Serialize, Deserialize)]
   |                                   ^^^^^^^^^^^
   |
help: consider importing this derive macro
   |
 5 + use serde::Deserialize;
   |

error[E0412]: cannot find type `WorldProperty` in this scope
  --> examples\custom_actions.rs:34:28
   |
34 |     pub preconditions: Vec<WorldProperty>,
   |                            ^^^^^^^^^^^^^ not found in this scope
   |
help: consider importing this enum
   |
 5 + use goap_llm::goap::world::WorldProperty;
   |

error[E0412]: cannot find type `WorldProperty` in this scope
  --> examples\custom_actions.rs:35:22
   |
35 |     pub effects: Vec<WorldProperty>,
   |                      ^^^^^^^^^^^^^ not found in this scope
   |
help: consider importing this enum
   |
 5 + use goap_llm::goap::world::WorldProperty;
   |

error[E0412]: cannot find type `WorldProperty` in this scope
  --> examples\custom_actions.rs:49:50
   |
49 |     pub fn with_precondition(mut self, property: WorldProperty) -> Self {
   |                                                  ^^^^^^^^^^^^^ not found in this scope
   |
help: consider importing this enum
   |
 5 + use goap_llm::goap::world::WorldProperty;
   |

error[E0412]: cannot find type `WorldProperty` in this scope
  --> examples\custom_actions.rs:54:44
   |
54 |     pub fn with_effect(mut self, property: WorldProperty) -> Self {
   |                                            ^^^^^^^^^^^^^ not found in this scope
   |
help: consider importing this enum
   |
 5 + use goap_llm::goap::world::WorldProperty;
   |

For more information about this error, try `rustc --explain E0412`.
error: could not compile `goap-llm` (example "custom_actions") due to 8 previous errors
